BAN.TXT
Vallanda.are
abode.are
air.are
arachnos.are
area.lst
area.lst.bak
area.lst2
arkyn.are
ashfor.are
backup
beatles.are
bugs.txt
camelot.are
candylan.are
canyon.are
catacomb.are
chapel.are
chess.are
ciquala2.are
coal.are
countup.awk
crystal.are
cthulhu.are
daycare.are
deathdun.are
descent.are
dir.lst
disabled.txt
doom.are
dos2unix
draconia.are
drakyri.are
dream.are
drow.are
dwarven.are
dylan.are
eastern.are
firenewt.are
futzone.are
galaxy.are
gnome.are
grave.are
grocery.are
grove.are
halls.are
haon.are
help.are
hitower.are
hollywd.are
homes.are
hood.are
ideas.txt
juargan.are
kavir.are
limbo.are
mage.are
magetest.are
mahntor.are
marsh.are
mega1.are
midennir.are
midgaard.are
mirror.are
mobfact.are
moria.are
mtdoom.are
mtv.are
notes
ofcol.are
ofcol2.are
oid.txt
olympus.are
passions.are
plains.are
power.are
pyramid.are
quest.are
redferne.are
relic.are
rotain.are
school.are
sesame.are
settie.are
sewer.are
shire.are
smurf.are
solace.are
start.are
thalos.are
tick.are
tree.are
trollden.are
tvland.are
typos.txt
ultima.are
valley.are
waikiki.are
weed.are
white.are
wolf.are
wolf1.are
wyvern.are
xfiles.are
zoo.are
